

SitaMohammed@LAPTOP-8KDCTU4D MINGW64 /
$ cd / d
bash: cd: too many arguments

SitaMohammed@LAPTOP-8KDCTU4D MINGW64 /
$ cd / d
bash: cd: too many arguments

SitaMohammed@LAPTOP-8KDCTU4D MINGW64 /
$  ls
bin/  etc/           LICENSE.txt  ReleaseNotes.html  unins001.exe*
cmd/  git-bash.exe*  mingw64/     tmp/               unins001.msg
dev/  git-cmd.exe*   proc/        unins001.dat       usr/

SitaMohammed@LAPTOP-8KDCTU4D MINGW64 /
$ DaywithCodes
bash: DaywithCodes: command not found

SitaMohammed@LAPTOP-8KDCTU4D MINGW64 /
$ cd DaywithCodes
bash: cd: DaywithCodes: No such file or directory

SitaMohammed@LAPTOP-8KDCTU4D MINGW64 /
$ cd /d

SitaMohammed@LAPTOP-8KDCTU4D MINGW64 /d
$  cd DaywithCodes

SitaMohammed@LAPTOP-8KDCTU4D MINGW64 /d/DaywithCodes (master)
$ ls
OneCode.html

SitaMohammed@LAPTOP-8KDCTU4D MINGW64 /d/DaywithCodes (master)
$ git init
Reinitialized existing Git repository in D:/DaywithCodes/.git/

SitaMohammed@LAPTOP-8KDCTU4D MINGW64 /d/DaywithCodes (master)
$ git add README.md
fatal: pathspec 'README.md' did not match any files

SitaMohammed@LAPTOP-8KDCTU4D MINGW64 /d/DaywithCodes (master)
$ git commit -m "first commit"

*** Please tell me who you are.

Run

  git config --global user.email "you@example.com"
  git config --global user.name "Your Name"

to set your account's default identity.
Omit --global to set the identity only in this repository.

fatal: unable to auto-detect email address (got 'SitaMohammed@LAPTOP-8KDCTU4D.(none)')

SitaMohammed@LAPTOP-8KDCTU4D MINGW64 /d/DaywithCodes (master)
$ git remote add origin https://github.com/So51/100DayOfCode.git

SitaMohammed@LAPTOP-8KDCTU4D MINGW64 /d/DaywithCodes (master)
$ git push -u origin master
error: src refspec master does not match any
error: failed to push some refs to 'https://github.com/So51/100DayOfCode.git'

SitaMohammed@LAPTOP-8KDCTU4D MINGW64 /d/DaywithCodes (master)
$ git commit -m "first commit"

*** Please tell me who you are.

Run

  git config --global user.email "you@example.com"
  git config --global user.name "Your Name"

to set your account's default identity.
Omit --global to set the identity only in this repository.

fatal: unable to auto-detect email address (got 'SitaMohammed@LAPTOP-8KDCTU4D.(none)')

SitaMohammed@LAPTOP-8KDCTU4D MINGW64 /d/DaywithCodes (master)
$  git config --global user.email "you@example.com"

SitaMohammed@LAPTOP-8KDCTU4D MINGW64 /d/DaywithCodes (master)
$ ^C

SitaMohammed@LAPTOP-8KDCTU4D MINGW64 /d/DaywithCodes (master)
$ git config --global user.email "somohammed@icloud.com"

SitaMohammed@LAPTOP-8KDCTU4D MINGW64 /d/DaywithCodes (master)
$ git config --global user.name "So51"

SitaMohammed@LAPTOP-8KDCTU4D MINGW64 /d/DaywithCodes (master)
$ git remote add origin https://github.com/So51/100DayOfCode.git
fatal: remote origin already exists.

SitaMohammed@LAPTOP-8KDCTU4D MINGW64 /d/DaywithCodes (master)
$ git push -u origin master
error: src refspec master does not match any
error: failed to push some refs to 'https://github.com/So51/100DayOfCode.git'

SitaMohammed@LAPTOP-8KDCTU4D MINGW64 /d/DaywithCodes (master)
$ git config --global user.email "somohammed@icloud.com"

SitaMohammed@LAPTOP-8KDCTU4D MINGW64 /d/DaywithCodes (master)
$ git config --global user.name "So51"

SitaMohammed@LAPTOP-8KDCTU4D MINGW64 /d/DaywithCodes (master)
$ git remote add origin https://github.com/So51/100DayOfCode.git
fatal: remote origin already exists.

SitaMohammed@LAPTOP-8KDCTU4D MINGW64 /d/DaywithCodes (master)
$ git remote -v
origin  https://github.com/So51/100DayOfCode.git (fetch)
origin  https://github.com/So51/100DayOfCode.git (push)

SitaMohammed@LAPTOP-8KDCTU4D MINGW64 /d/DaywithCodes (master)
$ git remote add origin https://github.com/So51/100DayOfCode.git
fatal: remote origin already exists.

SitaMohammed@LAPTOP-8KDCTU4D MINGW64 /d/DaywithCodes (master)
$ git remote rm destination
fatal: No such remote: 'destination'

SitaMohammed@LAPTOP-8KDCTU4D MINGW64 /d/DaywithCodes (master)
$ git remote rm destinationdestination
fatal: No such remote: 'destinationdestination'

SitaMohammed@LAPTOP-8KDCTU4D MINGW64 /d/DaywithCodes (master)
$ git remote rm destination
fatal: No such remote: 'destination'

SitaMohammed@LAPTOP-8KDCTU4D MINGW64 /d/DaywithCodes (master)
$ git remote rm origin

SitaMohammed@LAPTOP-8KDCTU4D MINGW64 /d/DaywithCodes (master)
$ git remote add code https://github.com/So51/100DayOfCode.git

SitaMohammed@LAPTOP-8KDCTU4D MINGW64 /d/DaywithCodes (master)
$ git push -u code master
error: src refspec master does not match any
error: failed to push some refs to 'https://github.com/So51/100DayOfCode.git'

SitaMohammed@LAPTOP-8KDCTU4D MINGW64 /d/DaywithCodes (master)
$ git add README.md
fatal: pathspec 'README.md' did not match any files

SitaMohammed@LAPTOP-8KDCTU4D MINGW64 /d/DaywithCodes (master)
$ git commit -m "first commit"
[master (root-commit) 59a2569] first commit
 1 file changed, 0 insertions(+), 0 deletions(-)
 create mode 100644 OneCode.html

SitaMohammed@LAPTOP-8KDCTU4D MINGW64 /d/DaywithCodes (master)
$ git remote add origin https://github.com/So51/100DayOfCode.git

SitaMohammed@LAPTOP-8KDCTU4D MINGW64 /d/DaywithCodes (master)
$ git push -u origin master
Enumerating objects: 3, done.
Counting objects: 100% (3/3), done.
Writing objects: 100% (3/3), 211 bytes | 70.00 KiB/s, done.
Total 3 (delta 0), reused 0 (delta 0)
To https://github.com/So51/100DayOfCode.git
 * [new branch]      master -> master
Branch 'master' set up to track remote branch 'master' from 'origin'.

SitaMohammed@LAPTOP-8KDCTU4D MINGW64 /d/DaywithCodes (master)
$

